// Jest Snapshot v1, https://goo.gl/fbAQLP

exports[`commands/bookmarks/track should configure properly 1`] = `
[MockFunction] {
  "calls": Array [
    Array [
      "role-track",
      Object {
        "aliases": Array [
          "track",
          "role-track",
          "rt",
        ],
        "args": Array [
          Object {
            "id": "role",
            "prompt": Object {
              "start": "What role should be tracked for bookmarks?",
            },
            "type": "role",
          },
          Object {
            "default": 1,
            "id": "weight",
            "match": "prefix",
            "prefix": "weight=",
            "prompt": Object {
              "optional": true,
              "start": "What is the weight of the bookmark?",
            },
            "type": "number",
          },
        ],
        "category": "Bookmark",
        "channelRestriction": "guild",
        "description": Object {
          "content": "Add bookmark tracking for a role",
          "examples": Array [
            "track \\"Some Role\\"",
            "track \\"Another Role\\" weight=3",
          ],
          "usage": "<role> weight=<weight>",
        },
        "options": Object {
          "permissions": [Function],
        },
        "split": "quoted",
      },
    ],
  ],
  "results": Array [
    Object {
      "isThrow": false,
      "value": undefined,
    },
  ],
}
`;
